guo3@guo3:~/odiLearn/test1$ git status
On branch branch2
Your branch is up to date with 'origin/branch2'.

nothing to commit, working tree clean
guo3@guo3:~/odiLearn/test1$ code .
guo3@guo3:~/odiLearn/test1$ 
guo3@guo3:~/odiLearn/test1$ 
guo3@guo3:~/odiLearn/test1$ git status
On branch branch2
Your branch is up to date with 'origin/branch2'.

Changes not staged for commit:
  (use "git add <file>..." to update what will be committed)
  (use "git restore <file>..." to discard changes in working directory)
	modified:   new1.py

no changes added to commit (use "git add" and/or "git commit -a")
guo3@guo3:~/odiLearn/test1$ 
guo3@guo3:~/odiLearn/test1$ 
guo3@guo3:~/odiLearn/test1$ git add new1.py
guo3@guo3:~/odiLearn/test1$ 
guo3@guo3:~/odiLearn/test1$ git status
On branch branch2
Your branch is up to date with 'origin/branch2'.

Changes to be committed:
  (use "git restore --staged <file>..." to unstage)
	modified:   new1.py

guo3@guo3:~/odiLearn/test1$ git restore --staged new1.py
guo3@guo3:~/odiLearn/test1$ git status
On branch branch2
Your branch is up to date with 'origin/branch2'.

Changes not staged for commit:
  (use "git add <file>..." to update what will be committed)
  (use "git restore <file>..." to discard changes in working directory)
	modified:   new1.py

no changes added to commit (use "git add" and/or "git commit -a")
guo3@guo3:~/odiLearn/test1$ 
guo3@guo3:~/odiLearn/test1$ 
guo3@guo3:~/odiLearn/test1$ git add .
guo3@guo3:~/odiLearn/test1$ git status
On branch branch2
Your branch is up to date with 'origin/branch2'.

Changes to be committed:
  (use "git restore --staged <file>..." to unstage)
	modified:   new1.py

guo3@guo3:~/odiLearn/test1$ 
guo3@guo3:~/odiLearn/test1$ 
guo3@guo3:~/odiLearn/test1$ git diff new1.py
diff --git a/new1.py b/new1.py
index e6aea31..40dd360 100644
--- a/new1.py
+++ b/new1.py
@@ -1,3 +1,3 @@
 print("hi")
 
-print("hello")
\ No newline at end of file
+print("hi guo")
\ No newline at end of file
guo3@guo3:~/odiLearn/test1$ 
guo3@guo3:~/odiLearn/test1$ 
guo3@guo3:~/odiLearn/test1$ git log
commit e2219a458d4f899905484bb63f291e25aca7a9c1 (HEAD -> branch2, origin/main, origin/branch2, origin/HEAD, main)
Author: odijin <127637405+odijin@users.noreply.github.com>
Date:   Sat Mar 11 17:25:26 2023 -0800

    Create new1.py

commit 0d43f8dffd6affdf9a24794a522501bb7379d489
Author: odijin <127637405+odijin@users.noreply.github.com>
Date:   Sat Mar 11 17:04:05 2023 -0800

    Initial commit
guo3@guo3:~/odiLearn/test1$ 
guo3@guo3:~/odiLearn/test1$ 
guo3@guo3:~/odiLearn/test1$ git status
On branch branch2
Your branch is up to date with 'origin/branch2'.

Changes to be committed:
  (use "git restore --staged <file>..." to unstage)
	modified:   new1.py

Changes not staged for commit:
  (use "git add <file>..." to update what will be committed)
  (use "git restore <file>..." to discard changes in working directory)
	modified:   new1.py

guo3@guo3:~/odiLearn/test1$ 
guo3@guo3:~/odiLearn/test1$ 
guo3@guo3:~/odiLearn/test1$ git add .
guo3@guo3:~/odiLearn/test1$ git status
On branch branch2
Your branch is up to date with 'origin/branch2'.

Changes to be committed:
  (use "git restore --staged <file>..." to unstage)
	modified:   new1.py

guo3@guo3:~/odiLearn/test1$ git diff
guo3@guo3:~/odiLearn/test1$ 
guo3@guo3:~/odiLearn/test1$ git commit -m "add hello print"
[branch2 cf2c461] add hello print
 1 file changed, 2 insertions(+)
guo3@guo3:~/odiLearn/test1$ git status
On branch branch2
Your branch is ahead of 'origin/branch2' by 1 commit.
  (use "git push" to publish your local commits)

Untracked files:
  (use "git add <file>..." to include in what will be committed)
	logs

nothing added to commit but untracked files present (use "git add" to track)
guo3@guo3:~/odiLearn/test1$ 
guo3@guo3:~/odiLearn/test1$ 
guo3@guo3:~/odiLearn/test1$ git status
On branch branch2
Your branch is ahead of 'origin/branch2' by 1 commit.
  (use "git push" to publish your local commits)

nothing to commit, working tree clean
guo3@guo3:~/odiLearn/test1$ 
guo3@guo3:~/odiLearn/test1$ 
guo3@guo3:~/odiLearn/test1$ git log
commit cf2c4612f57be598ced8c0100b88865df0cad0bf (HEAD -> branch2)
Author: guo wong <guo@chewielabs.com>
Date:   Sat Mar 11 22:41:41 2023 -0800

    add hello print

commit e2219a458d4f899905484bb63f291e25aca7a9c1 (origin/main, origin/branch2, origin/HEAD, main)
Author: odijin <127637405+odijin@users.noreply.github.com>
Date:   Sat Mar 11 17:25:26 2023 -0800

    Create new1.py

commit 0d43f8dffd6affdf9a24794a522501bb7379d489
Author: odijin <127637405+odijin@users.noreply.github.com>
Date:   Sat Mar 11 17:04:05 2023 -0800

    Initial commit
guo3@guo3:~/odiLearn/test1$ 
guo3@guo3:~/odiLearn/test1$ 
guo3@guo3:~/odiLearn/test1$ git status
On branch branch2
Your branch is ahead of 'origin/branch2' by 1 commit.
  (use "git push" to publish your local commits)

Changes not staged for commit:
  (use "git add <file>..." to update what will be committed)
  (use "git restore <file>..." to discard changes in working directory)
	modified:   new1.py

no changes added to commit (use "git add" and/or "git commit -a")
guo3@guo3:~/odiLearn/test1$ git checkout new1.py
Updated 1 path from the index
guo3@guo3:~/odiLearn/test1$ 
guo3@guo3:~/odiLearn/test1$ 
guo3@guo3:~/odiLearn/test1$ git status
On branch branch2
Your branch is ahead of 'origin/branch2' by 1 commit.
  (use "git push" to publish your local commits)

nothing to commit, working tree clean
guo3@guo3:~/odiLearn/test1$ 
guo3@guo3:~/odiLearn/test1$ 
guo3@guo3:~/odiLearn/test1$ git log
commit cf2c4612f57be598ced8c0100b88865df0cad0bf (HEAD -> branch2)
Author: guo wong <guo@chewielabs.com>
Date:   Sat Mar 11 22:41:41 2023 -0800

    add hello print

commit e2219a458d4f899905484bb63f291e25aca7a9c1 (origin/main, origin/branch2, origin/HEAD, main)
Author: odijin <127637405+odijin@users.noreply.github.com>
Date:   Sat Mar 11 17:25:26 2023 -0800

    Create new1.py

commit 0d43f8dffd6affdf9a24794a522501bb7379d489
Author: odijin <127637405+odijin@users.noreply.github.com>
Date:   Sat Mar 11 17:04:05 2023 -0800

    Initial commit
guo3@guo3:~/odiLearn/test1$ git show cf2c4612f57be598ced8c0100b88865df0cad0bf
commit cf2c4612f57be598ced8c0100b88865df0cad0bf (HEAD -> branch2)
Author: guo wong <guo@chewielabs.com>
Date:   Sat Mar 11 22:41:41 2023 -0800

    add hello print

diff --git a/new1.py b/new1.py
index b80e322..40dd360 100644
--- a/new1.py
+++ b/new1.py
@@ -1 +1,3 @@
 print("hi")
+
+print("hi guo")
\ No newline at end of file
guo3@guo3:~/odiLearn/test1$ 
guo3@guo3:~/odiLearn/test1$ 
guo3@guo3:~/odiLearn/test1$ git push

